main.c:73:6:Count2rpm	16	static
main.c:84:6:uart_putc	24	static
main.c:89:6:uart_puts	16	static
main.c:109:5:main	32	static
main.c:193:6:SystemClock_Config	88	static
main.c:235:13:MX_TIM1_Init	8	static
main.c:282:13:MX_TIM2_Init	8	static
main.c:328:13:MX_TIM3_Init	56	static
main.c:375:13:MX_TIM4_Init	56	static
main.c:422:13:MX_TIM10_Init	8	static
main.c:451:13:MX_USART2_UART_Init	8	static
main.c:482:13:MX_USART6_UART_Init	8	static
main.c:513:13:MX_GPIO_Init	48	static
main.c:548:6:Error_Handler	4	static
